[barthofu.me/index.html]
[backblue.gif]
[fade.gif]
[index.html]
[barthofu.me/src/styles/main.css]
[barthofu.me/src/styles/reset.css]
[barthofu.me/src/styles/index.css]
[barthofu.me/src/styles/containers/about.css]
[barthofu.me/src/styles/containers/projects.css]
[barthofu.me/src/styles/containers/contact.css]
[barthofu.me/src/styles/containers/waifu.css]
[ajax.googleapis.com/ajax/libs/jquery/3.5.1/jquery.min.js]
[cdnjs.cloudflare.com/ajax/libs/parallax/3.1.0/parallax.min.js]
[cdnjs.cloudflare.com/ajax/libs/three.js/r124/three.min.js]
[barthofu.me/src/scripts/main.js]
[barthofu.me/src/assets/glitch.jpg]
[barthofu.me/src/assets/about.png]
[barthofu.me/index.html]
[barthofu.me/src/assets/Poppins-Bold.ttf]
[barthofu.me/src/assets/Poppins-ExtraLight.ttf]
[barthofu.me/src/styles/main.css]
[barthofu.me/src/styles/reset.css]
[barthofu.me/src/styles/index.css]
[barthofu.me/src/styles/containers/about.css]
[barthofu.me/src/styles/containers/projects.css]
[barthofu.me/src/styles/containers/contact.css]
[barthofu.me/src/styles/containers/waifu.css]
